###############################################################################
#
# IAR ELF Linker V3.11.1.207 for STM8                     19/Dec/2024  16:12:38
# Copyright 2010-2019 IAR Systems AB.
#
#    Output file  =  F:\STM8\STM8_LED7_3231\Debug\Exe\stm8s_7LED_IC3231.out
#    Map file     =  F:\STM8\STM8_LED7_3231\Debug\List\stm8s_7LED_IC3231.map
#    Command line =  
#        -f C:\Users\IRONIEU\AppData\Local\Temp\EW2C44.tmp
#        (F:\STM8\STM8_LED7_3231\Debug\Obj\app.o
#        F:\STM8\STM8_LED7_3231\Debug\Obj\clock.o
#        F:\STM8\STM8_LED7_3231\Debug\Obj\delay.o
#        F:\STM8\STM8_LED7_3231\Debug\Obj\GPIO.o
#        F:\STM8\STM8_LED7_3231\Debug\Obj\i2c_soft.o
#        F:\STM8\STM8_LED7_3231\Debug\Obj\i2c_soft_cfg.o
#        F:\STM8\STM8_LED7_3231\Debug\Obj\ic3231.o
#        F:\STM8\STM8_LED7_3231\Debug\Obj\led7Seg.o
#        F:\STM8\STM8_LED7_3231\Debug\Obj\main.o
#        F:\STM8\STM8_LED7_3231\Debug\Obj\sspi.o --redirect
#        _Printf=_PrintfFullNoMb --redirect _Scanf=_ScanfFullNoMb
#        --no_out_extension -o
#        F:\STM8\STM8_LED7_3231\Debug\Exe\stm8s_7LED_IC3231.out --map
#        F:\STM8\STM8_LED7_3231\Debug\List\stm8s_7LED_IC3231.map --config
#        "C:\Program Files (x86)\IAR Systems\Embedded Workbench
#        8.3\stm8\config\lnkstm8s005k6.icf" --config_def _CSTACK_SIZE=0x100
#        --config_def _HEAP_SIZE=0x100 --entry __iar_program_start --debug_lib)
#
###############################################################################

*******************************************************************************
*** RUNTIME MODEL ATTRIBUTES
***

__SystemLibrary            = DLib
__code_model               = small
__core                     = stm8
__data_model               = medium
__dlib_file_descriptor     = 0
__dlib_full_locale_support = 0
__rt_version               = 4


*******************************************************************************
*** PLACEMENT SUMMARY
***

"A0":  place at start of [0x000000-0x0000ff] { rw section .vregs };
"A1":  place at end of [0x000000-0x0007ff] { block CSTACK };
"P2":  place in [from 0x000000 to 0x0007ff] {
          block HEAP, rw section __DLIB_PERTHREAD, rw section .far.bss,
          rw section .far.data, rw section .far.noinit,
          rw section .far_func.textrw, rw section .huge.bss,
          rw section .huge.data, rw section .huge.noinit,
          rw section .huge_func.textrw, rw section .iar.dynexit,
          rw section .near.bss, rw section .near.data, rw section .near.noinit,
          rw section .near_func.textrw };
"A2":  place at start of [0x008000-0x00ffff] { block INTVEC };
"P3":  place in [from 0x008000 to 0x00ffff] {
          ro section __DLIB_PERTHREAD_init, ro section .far.data_init,
          ro section .far_func.textrw_init, ro section .huge.data_init,
          ro section .huge_func.textrw_init, ro section .iar.init_table,
          ro section .init_array, ro section .near.data_init,
          ro section .near.rodata, ro section .near_func.text,
          ro section .near_func.textrw_init, ro section .tiny.data_init,
          ro section .tiny.rodata_init };
"P4":  place in [from 0x008000 to 0x00ffff] {
          ro section .far.rodata, ro section .far_func.text };
"P5":  place in [from 0x008000 to 0x00ffff] {
          ro section .huge.rodata, ro section .huge_func.text };
do not initialize {
   rw section .eeprom.noinit, rw section .far.noinit, rw section .huge.noinit,
   rw section .near.noinit, rw section .tiny.noinit, rw section .vregs };

No sections matched the following patterns:

  ro section .far.data_init          in "P3-P5"
  ro section .far.rodata             in "P3-P5"
  ro section .far_func.text          in "P3-P5"
  ro section .far_func.textrw_init   in "P3-P5"
  ro section .huge.data_init         in "P3-P5"
  ro section .huge.rodata            in "P3-P5"
  ro section .huge_func.text         in "P3-P5"
  ro section .huge_func.textrw_init  in "P3-P5"
  ro section .iar.init_table         in "P3-P5"
  ro section .init_array             in "P3-P5"
  ro section .near.data_init         in "P3-P5"
  ro section .near_func.textrw_init  in "P3-P5"
  ro section .tiny.data_init         in "P3-P5"
  ro section .tiny.rodata_init       in "P3-P5"
  ro section __DLIB_PERTHREAD_init   in "P3-P5"
  rw section .far.bss                in "P2"
  rw section .far.data               in "P2"
  rw section .far.noinit             in "P2"
  rw section .far_func.textrw        in "P2"
  rw section .huge.bss               in "P2"
  rw section .huge.data              in "P2"
  rw section .huge.noinit            in "P2"
  rw section .huge_func.textrw       in "P2"
  rw section .iar.dynexit            in "P2"
  rw section .near.data              in "P2"
  rw section .near.noinit            in "P2"
  rw section .near_func.textrw       in "P2"
  rw section .tiny.bss               in "P1"
  rw section .tiny.data              in "P1"
  rw section .tiny.noinit            in "P1"
  rw section .tiny.rodata            in "P1"
  rw section __DLIB_PERTHREAD        in "P2"
  section .eeprom.data               in "P6-P8"
  section .eeprom.noinit             in "P6-P8"
  section .eeprom.rodata             in "P6-P8"


  Section          Kind      Address   Size  Object
  -------          ----      -------   ----  ------
"A0":                                  0x10
  .vregs           uninit   0x000000   0x10  vregs.o [4]
                          - 0x000010   0x10

"P2":                                   0x6
  .near.bss        zero     0x000010    0x4  app.o [1]
  .near.bss        zero     0x000014    0x2  app.o [1]
                          - 0x000016    0x6

"A1":                                 0x100
  CSTACK                    0x000700  0x100  <Block>
    CSTACK         uninit   0x000700  0x100  <Block tail>
                          - 0x000800  0x100

Absolute sections, part 1 of 4:        0x14
  .near.noinit     uninit   0x005005    0x5  sspi.o [1]
  .near.noinit     uninit   0x00500a    0x5  sspi.o [1]
  .near.noinit     uninit   0x00500f    0x5  sspi.o [1]
  .near.noinit     uninit   0x005014    0x5  sspi.o [1]
                          - 0x005019   0x14

Absolute sections, part 2 of 4:         0xe
  .near.noinit     uninit   0x0050c0    0xe  main.o [1]
                          - 0x0050ce    0xe

Absolute sections, part 3 of 4:         0x3
  .near.noinit     uninit   0x005300    0x1  app.o [1]
  .near.noinit     uninit   0x005301    0x1  app.o [1]
  .near.noinit     uninit   0x005302    0x1  app.o [1]
                          - 0x005303    0x3

Absolute sections, part 4 of 4:         0x3
  .near.noinit     uninit   0x00530c    0x1  app.o [1]
  .near.noinit     uninit   0x00530d    0x1  app.o [1]
  .near.noinit     uninit   0x00530e    0x1  app.o [1]
                          - 0x00530f    0x3

"A2":                                  0x80
  INTVEC                    0x008000   0x80  <Block>
    .intvec        const    0x008000   0x80  interrupt.o [4]
                          - 0x008080   0x80

"P3-P5":                              0x7e0
  .near_func.text  ro code  0x008080   0xe8  app.o [1]
  .near_func.text  ro code  0x008168   0xd4  vreg_util.o [4]
  .near_func.text  ro code  0x00823c   0xd0  led7Seg.o [1]
  .near_func.text  ro code  0x00830c   0xa1  GPIO.o [1]
  .near_func.text  ro code  0x0083ad   0x92  i2c_soft.o [1]
  .near_func.text  ro code  0x00843f   0x87  i2c_soft.o [1]
  .near_func.text  ro code  0x0084c6   0x56  ic3231.o [1]
  .near_func.text  ro code  0x00851c   0x51  sspi.o [1]
  .near_func.text  ro code  0x00856d   0x44  sspi.o [1]
  .near_func.text  ro code  0x0085b1   0x42  ic3231.o [1]
  .near_func.text  ro code  0x0085f3   0x42  led7Seg.o [1]
  .near_func.text  ro code  0x008635   0x3d  app.o [1]
  .near_func.text  ro code  0x008672   0x26  i2c_soft.o [1]
  .near_func.text  ro code  0x008698   0x26  short.o [4]
  .near_func.text  ro code  0x0086be   0x22  i2c_soft.o [1]
  .near_func.text  ro code  0x0086e0   0x21  clock.o [1]
  .iar.init_table  const    0x008701    0x8  - Linker created -
  .near_func.text  ro code  0x008709   0x1e  init_small.o [4]
  .near_func.text  ro code  0x008727   0x1c  i2c_soft_cfg.o [1]
  .near_func.text  ro code  0x008743   0x1c  i2c_soft_cfg.o [1]
  .near_func.text  ro code  0x00875f   0x1a  delay.o [1]
  .near_func.text  ro code  0x008779   0x19  app.o [1]
  .near_func.text  ro code  0x008792   0x15  ic3231.o [1]
  .near_func.text  ro code  0x0087a7   0x14  init.o [4]
  .near_func.text  ro code  0x0087bb   0x14  __dbg_xxexit.o [3]
  .near_func.text  ro code  0x0087cf   0x13  delay.o [1]
  .near_func.text  ro code  0x0087e2   0x13  i2c_soft.o [1]
  .near_func.text  ro code  0x0087f5   0x13  cstartup.o [4]
  .near_func.text  ro code  0x008808   0x12  app.o [1]
  .near_func.text  ro code  0x00881a    0xc  app.o [1]
  .near.rodata     const    0x008826    0xa  app.o [1]
  .near_func.text  ro code  0x008830    0xa  char.o [4]
  .near_func.text  ro code  0x00883a    0x8  main.o [1]
  .near_func.text  ro code  0x008842    0x5  app.o [1]
  .near_func.text  ro code  0x008847    0x5  cexit.o [4]
  .near.rodata     const    0x00884c    0x4  app.o [1]
  .near_func.text  ro code  0x008850    0x3  app.o [1]
  .near_func.text  ro code  0x008853    0x3  interrupt.o [4]
  .near_func.text  ro code  0x008856    0x3  low_level_init.o [4]
  .near_func.text  ro code  0x008859    0x3  exit.o [4]
  .near_func.text  ro code  0x00885c    0x3  unhandled_exception.o [4]
  .near_func.text  ro code  0x00885f    0x1  __dbg_break.o [3]
                          - 0x008860  0x7e0


*******************************************************************************
*** INIT TABLE
***

          Address   Size
          -------   ----
Zero (__iar_zero_init2)
    1 destination range, total size 0x6:
          0x000010   0x6



*******************************************************************************
*** MODULE SUMMARY
***

    Module                 ro code  ro data  rw data  rw data
                                                       (abs)
    ------                 -------  -------  -------  -------
F:\STM8\STM8_LED7_3231\Debug\Obj: [1]
    GPIO.o                     161
    app.o                      356       14        6        6
    clock.o                     33
    delay.o                     45
    i2c_soft.o                 372
    i2c_soft_cfg.o              56
    ic3231.o                   173
    led7Seg.o                  274
    main.o                       8                         14
    sspi.o                     149                         20
    ---------------------------------------------------------
    Total:                   1 627       14        6       40

command line: [2]
    ---------------------------------------------------------
    Total:

dbgstm8smd.a: [3]
    __dbg_break.o                1
    __dbg_xxexit.o              20
    ---------------------------------------------------------
    Total:                      21

dlstm8smn.a: [4]
    cexit.o                      5
    char.o                      10
    cstartup.o                  19
    exit.o                       3
    init.o                      20
    init_small.o                30
    interrupt.o                  3      128
    low_level_init.o             3
    short.o                     38
    unhandled_exception.o        3
    vreg_util.o                212
    vregs.o                                       16
    ---------------------------------------------------------
    Total:                     346      128       16

    Linker created                        8      256
-------------------------------------------------------------
    Grand Total:             1 994      150      278       40


*******************************************************************************
*** ENTRY LIST
***

Entry                    Address  Size  Type      Object
-----                    -------  ----  ----      ------
.iar.init_table$$Base   0x008701         --   Gb  - Linker created -
.iar.init_table$$Limit  0x008709         --   Gb  - Linker created -
?b0                     0x000000        Data  Gb  vregs.o [4]
?b1                     0x000001        Data  Gb  vregs.o [4]
?b10                    0x00000a        Data  Gb  vregs.o [4]
?b11                    0x00000b        Data  Gb  vregs.o [4]
?b12                    0x00000c        Data  Gb  vregs.o [4]
?b13                    0x00000d        Data  Gb  vregs.o [4]
?b14                    0x00000e        Data  Gb  vregs.o [4]
?b15                    0x00000f        Data  Gb  vregs.o [4]
?b2                     0x000002        Data  Gb  vregs.o [4]
?b3                     0x000003        Data  Gb  vregs.o [4]
?b4                     0x000004        Data  Gb  vregs.o [4]
?b5                     0x000005        Data  Gb  vregs.o [4]
?b6                     0x000006        Data  Gb  vregs.o [4]
?b7                     0x000007        Data  Gb  vregs.o [4]
?b8                     0x000008        Data  Gb  vregs.o [4]
?b9                     0x000009        Data  Gb  vregs.o [4]
?e0                     0x000001        Data  Gb  vregs.o [4]
?e1                     0x000005        Data  Gb  vregs.o [4]
?e2                     0x000009        Data  Gb  vregs.o [4]
?e3                     0x00000d        Data  Gb  vregs.o [4]
?epilogue_l2            0x008203        Code  Gb  vreg_util.o [4]
?epilogue_l2_l3         0x008200        Code  Gb  vreg_util.o [4]
?epilogue_l2_w6         0x008207        Code  Gb  vreg_util.o [4]
?epilogue_w4            0x00820e        Code  Gb  vreg_util.o [4]
?l0                     0x000000        Data  Gb  vregs.o [4]
?l1                     0x000004        Data  Gb  vregs.o [4]
?l2                     0x000008        Data  Gb  vregs.o [4]
?l3                     0x00000c        Data  Gb  vregs.o [4]
?mov_w0_w1              0x008212        Code  Gb  vreg_util.o [4]
?mov_w1_w0              0x008219        Code  Gb  vreg_util.o [4]
?mov_w2_w0              0x008220        Code  Gb  vreg_util.o [4]
?mov_w4_w0              0x008227        Code  Gb  vreg_util.o [4]
?mov_w4_w1              0x00822e        Code  Gb  vreg_util.o [4]
?mov_w5_w0              0x008235        Code  Gb  vreg_util.o [4]
?mul16_x_x_w0           0x008698        Code  Gb  short.o [4]
?pop_l0                 0x0081cc        Code  Gb  vreg_util.o [4]
?pop_l1                 0x0081d7        Code  Gb  vreg_util.o [4]
?pop_l2                 0x0081e2        Code  Gb  vreg_util.o [4]
?pop_l3                 0x0081ed        Code  Gb  vreg_util.o [4]
?pop_w4                 0x008185        Code  Gb  vreg_util.o [4]
?pop_w6                 0x00818c        Code  Gb  vreg_util.o [4]
?push_l0                0x00819b        Code  Gb  vreg_util.o [4]
?push_l1                0x0081a0        Code  Gb  vreg_util.o [4]
?push_l2                0x0081a5        Code  Gb  vreg_util.o [4]
?push_l3                0x0081aa        Code  Gb  vreg_util.o [4]
?push_w4                0x008168        Code  Gb  vreg_util.o [4]
?push_w6                0x00816d        Code  Gb  vreg_util.o [4]
?sll8_a_a_5             0x008830        Code  Gb  char.o [4]
?sra16_x_x_a            0x0086b6        Code  Gb  short.o [4]
?srl8_a_a_5             0x008835        Code  Gb  char.o [4]
?w0                     0x000000        Data  Gb  vregs.o [4]
?w1                     0x000002        Data  Gb  vregs.o [4]
?w2                     0x000004        Data  Gb  vregs.o [4]
?w3                     0x000006        Data  Gb  vregs.o [4]
?w4                     0x000008        Data  Gb  vregs.o [4]
?w5                     0x00000a        Data  Gb  vregs.o [4]
?w6                     0x00000c        Data  Gb  vregs.o [4]
?w7                     0x00000e        Data  Gb  vregs.o [4]
AppMain                 0x008842   0x5  Code  Gb  app.o [1]
BCD2Dec                 0x008792  0x15  Code  Gb  ic3231.o [1]
CSTACK$$Base            0x000700         --   Gb  - Linker created -
CSTACK$$Limit           0x000800         --   Gb  - Linker created -
DS3231_readDate         0x0084c6  0x56  Code  Gb  ic3231.o [1]
DS3231_readTime         0x0085b1  0x42  Code  Gb  ic3231.o [1]
GPIOB                   0x005005   0x5  Data  Gb  sspi.o [1]
GPIOC                   0x00500a   0x5  Data  Gb  sspi.o [1]
GPIOD                   0x00500f   0x5  Data  Gb  sspi.o [1]
GPIOE                   0x005014   0x5  Data  Gb  sspi.o [1]
HC595_Init              0x008850   0x3  Code  Gb  app.o [1]
HC595_sendData          0x00881a   0xc  Code  Gb  app.o [1]
I2c_SCL_Setup           0x008743  0x1c  Code  Gb  i2c_soft_cfg.o [1]
I2c_SDA_Setup           0x008727  0x1c  Code  Gb  i2c_soft_cfg.o [1]
I2c_Soft_Init           0x0087e2  0x13  Code  Gb  i2c_soft.o [1]
I2c_Soft_ReadByte       0x00843f  0x87  Code  Gb  i2c_soft.o [1]
I2c_Soft_Start          0x0086be  0x22  Code  Gb  i2c_soft.o [1]
I2c_Soft_Stop           0x008672  0x26  Code  Gb  i2c_soft.o [1]
I2c_Soft_WriteByte      0x0083ad  0x92  Code  Gb  i2c_soft.o [1]
INTVEC$$Base            0x008000         --   Gb  - Linker created -
INTVEC$$Limit           0x008080         --   Gb  - Linker created -
Init_CpuClock           0x0086e0  0x21  Code  Gb  clock.o [1]
Init_Port               0x00830c  0xa1  Code  Gb  GPIO.o [1]
Init_Timer2             0x008779  0x19  Code  Gb  app.o [1]
Led7Seg_showNumber      0x00823c  0xd0  Code  Gb  led7Seg.o [1]
MY_CLOCK                0x0050c0   0xe  Data  Gb  main.o [1]
Region$$Table$$Base     0x008701         --   Gb  - Linker created -
Region$$Table$$Limit    0x008709         --   Gb  - Linker created -
Sspi_Init               0x00851c  0x51  Code  Gb  sspi.o [1]
Sspi_Transmit           0x00856d  0x44  Code  Gb  sspi.o [1]
TIM2_ARRH               0x00530d   0x1  Data  Gb  app.o [1]
TIM2_ARRL               0x00530e   0x1  Data  Gb  app.o [1]
TIM2_OVR_UIF_handler    0x008635  0x3d  Code  Gb  app.o [1]
TIM2_OVR_UIF_handler::CountTime
                        0x000014   0x2  Data  Lc  app.o [1]
_A_TIM2_CR1             0x005300   0x1  Data  Gb  app.o [1]
_A_TIM2_IER             0x005301   0x1  Data  Gb  app.o [1]
_A_TIM2_PSCR            0x00530c   0x1  Data  Gb  app.o [1]
_A_TIM2_SR1             0x005302   0x1  Data  Gb  app.o [1]
__DebugBreak            0x00885f   0x1  Code  Gb  __dbg_break.o [3]
__exit                  0x0087bb  0x14  Code  Gb  __dbg_xxexit.o [3]
__iar_data_init2        0x0087a7  0x14  Code  Gb  init.o [4]
__iar_program_start     0x0087f5        Code  Gb  cstartup.o [4]
__iar_unhandled_exception
                        0x00885c        Code  Gb  unhandled_exception.o [4]
__iar_zero_init2        0x008709        Code  Gb  init_small.o [4]
__intvec                0x008000        Data  Gb  interrupt.o [4]
__low_level_init        0x008856   0x3  Code  Gb  low_level_init.o [4]
_exit                   0x008847        Code  Gb  cexit.o [4]
_interrupt_15           0x008635        Code  Gb  app.o [1]
appInit                 0x008808  0x12  Code  Gb  app.o [1]
delay_ms                0x00875f  0x1a  Code  Gb  delay.o [1]
delay_us                0x0087cf  0x13  Code  Gb  delay.o [1]
exit                    0x008859   0x3  Code  Gb  exit.o [4]
led7_showTimeDate       0x008080  0xe8  Code  Gb  app.o [1]
ledCode                 0x008826   0xa  Data  Gb  app.o [1]
main                    0x00883a   0x8  Code  Gb  main.o [1]
scanCode                0x00884c   0x4  Data  Gb  app.o [1]
set_led7Seg             0x0085f3  0x42  Code  Gb  led7Seg.o [1]
valueLed                0x000010   0x4  Data  Gb  app.o [1]


[1] = F:\STM8\STM8_LED7_3231\Debug\Obj
[2] = command line
[3] = dbgstm8smd.a
[4] = dlstm8smn.a

  1 994 bytes of readonly  code memory
    150 bytes of readonly  data memory
    278 bytes of readwrite data memory (+ 40 absolute)

Errors: none
Warnings: none
